Traceback (most recent call last):
  File "/opt/anaconda3/lib/python3.12/site-packages/jupyter_cache/executors/utils.py", line 58, in single_nb_execution
    executenb(
  File "/opt/anaconda3/lib/python3.12/site-packages/nbclient/client.py", line 1305, in execute
    return NotebookClient(nb=nb, resources=resources, km=km, **kwargs).execute()
           ^^^^^^^^^^^^^^^^^^^^^^^^^^^^^^^^^^^^^^^^^^^^^^^^^^^^^^^^^^^^^^^^^^^^^
  File "/opt/anaconda3/lib/python3.12/site-packages/jupyter_core/utils/__init__.py", line 165, in wrapped
    return loop.run_until_complete(inner)
           ^^^^^^^^^^^^^^^^^^^^^^^^^^^^^^
  File "/opt/anaconda3/lib/python3.12/asyncio/base_events.py", line 687, in run_until_complete
    return future.result()
           ^^^^^^^^^^^^^^^
  File "/opt/anaconda3/lib/python3.12/site-packages/nbclient/client.py", line 705, in async_execute
    await self.async_execute_cell(
  File "/opt/anaconda3/lib/python3.12/site-packages/nbclient/client.py", line 1058, in async_execute_cell
    await self._check_raise_for_error(cell, cell_index, exec_reply)
  File "/opt/anaconda3/lib/python3.12/site-packages/nbclient/client.py", line 914, in _check_raise_for_error
    raise CellExecutionError.from_cell_and_msg(cell, exec_reply_content)
nbclient.exceptions.CellExecutionError: An error occurred while executing the following cell:
------------------
# Define the desired order
desired_order = ['High', 'Medium', 'Low']

# Reindex the crosstab to that order (it will put NaN if some level missing)
stress_dist = stress_dist.reindex(desired_order)

# Now plot as before
stress_dist.plot(kind='bar', figsize=(8,6), color=['#66c2a5', '#fc8d62'])
plt.title('Stress Level Distribution: Remote vs Onsite Workers')
plt.ylabel('Percentage of Workers')
plt.xlabel('Stress Level')
plt.xticks(rotation=0)
plt.legend(title='Work Location', loc='center left', bbox_to_anchor=(1, 0.5))
plt.tight_layout(rect=[0, 0, 1, 1])
plt.show()

------------------


[0;31m---------------------------------------------------------------------------[0m
[0;31mNameError[0m                                 Traceback (most recent call last)
Cell [0;32mIn[4], line 5[0m
[1;32m      2[0m desired_order [38;5;241m=[39m [[38;5;124m'[39m[38;5;124mHigh[39m[38;5;124m'[39m, [38;5;124m'[39m[38;5;124mMedium[39m[38;5;124m'[39m, [38;5;124m'[39m[38;5;124mLow[39m[38;5;124m'[39m]
[1;32m      4[0m [38;5;66;03m# Reindex the crosstab to that order (it will put NaN if some level missing)[39;00m
[0;32m----> 5[0m stress_dist [38;5;241m=[39m stress_dist[38;5;241m.[39mreindex(desired_order)
[1;32m      7[0m [38;5;66;03m# Now plot as before[39;00m
[1;32m      8[0m stress_dist[38;5;241m.[39mplot(kind[38;5;241m=[39m[38;5;124m'[39m[38;5;124mbar[39m[38;5;124m'[39m, figsize[38;5;241m=[39m([38;5;241m8[39m,[38;5;241m6[39m), color[38;5;241m=[39m[[38;5;124m'[39m[38;5;124m#66c2a5[39m[38;5;124m'[39m, [38;5;124m'[39m[38;5;124m#fc8d62[39m[38;5;124m'[39m])

[0;31mNameError[0m: name 'stress_dist' is not defined

