Traceback (most recent call last):
  File "/opt/anaconda3/lib/python3.12/site-packages/jupyter_cache/executors/utils.py", line 58, in single_nb_execution
    executenb(
  File "/opt/anaconda3/lib/python3.12/site-packages/nbclient/client.py", line 1305, in execute
    return NotebookClient(nb=nb, resources=resources, km=km, **kwargs).execute()
           ^^^^^^^^^^^^^^^^^^^^^^^^^^^^^^^^^^^^^^^^^^^^^^^^^^^^^^^^^^^^^^^^^^^^^
  File "/opt/anaconda3/lib/python3.12/site-packages/jupyter_core/utils/__init__.py", line 165, in wrapped
    return loop.run_until_complete(inner)
           ^^^^^^^^^^^^^^^^^^^^^^^^^^^^^^
  File "/opt/anaconda3/lib/python3.12/asyncio/base_events.py", line 687, in run_until_complete
    return future.result()
           ^^^^^^^^^^^^^^^
  File "/opt/anaconda3/lib/python3.12/site-packages/nbclient/client.py", line 705, in async_execute
    await self.async_execute_cell(
  File "/opt/anaconda3/lib/python3.12/site-packages/nbclient/client.py", line 1058, in async_execute_cell
    await self._check_raise_for_error(cell, cell_index, exec_reply)
  File "/opt/anaconda3/lib/python3.12/site-packages/nbclient/client.py", line 914, in _check_raise_for_error
    raise CellExecutionError.from_cell_and_msg(cell, exec_reply_content)
nbclient.exceptions.CellExecutionError: An error occurred while executing the following cell:
------------------
# Step 1: Import necessary libraries
import pandas as pd
import plotly.express as px
import matplotlib.pyplot as plt
import numpy as np
import seaborn as sns

# CSV inlezen


# Step 2: Load and filter the datasets
df_1 = pd.read_csv("/Users/diazwiersma/data-story/docs/Graphs/remote_work_productivity.csv")
df_2 = pd.read_csv("/Users/diazwiersma/data-story/docs/Graphs/The Impacts of Working Remotely and in an Office Survey.csv")
df_3 = pd.read_csv('/Users/diazwiersma/data-story/docs/Graphs/Impact_of_Remote_Work_on_Mental_Health.csv')
df_4 = pd.read_csv('/Users/diazwiersma/data-story/docs/Graphs/Extended_Employee_Performance_and_Productivity_Data.csv')

# Step 3: Merge datasets

# Step 4: Process the data for visualizations

# Figuur 1
avg_productivity = df_1.groupby('Employment_Type')['Productivity_Score'].mean()
## Graph
avg_productivity.plot(kind='bar', color=['skyblue', 'salmon'])
plt.title("Gemiddelde Productiviteit: Remote vs Office")
plt.ylabel("Productivity Score")
plt.xlabel("Employment Type")
plt.ylim(0, 100)
plt.xticks(rotation=0)
plt.grid(axis='y', linestyle='--', alpha=0.7)
plt.tight_layout()
plt.savefig("/Users/diazwiersma/data-story/docs/Graphs/figure_1.png")  # Opslaan voor hergebruik
plt.close()

# Figuur 2
sizes = [(df_2["Do you think that working from home increases your work productivity?"] == "Yes").mean() * 100,]
sizes.append(100 - sizes[0])  
labels = ["Ja", "Nee"]
colors = ['salmon', 'skyblue']
plt.figure(figsize=(6,6))
wedges, texts, autotexts = plt.pie(sizes, colors=colors, autopct='%1.1f%%', startangle=90, textprops={'fontsize': 12})
plt.title("Denk je dat werken vanuit huis je productiviteit op werk verhoogt?")
plt.axis('equal') 
plt.legend(wedges, labels, title="Antwoorden", loc="center left", bbox_to_anchor=(1, 0, 0.5, 1))
plt.tight_layout()
plt.savefig("/Users/diazwiersma/data-story/docs/Graphs/figure_2.png") 
plt.close()

#Figuur 3
## Clean
df_cleaned = df_3.copy()
df_cleaned.columns = df_cleaned.columns.str.strip()
df_cleaned['Work_Location'] = df_cleaned['Work_Location'].str.strip().str.capitalize()
df_cleaned['Stress_Level'] = df_cleaned['Stress_Level'].str.strip().str.capitalize()
df_cleaned['Mental_Health_Condition'] = df_cleaned['Mental_Health_Condition'].fillna('None').str.strip().str.capitalize()
df_cleaned['Sleep_Quality'] = df_cleaned['Sleep_Quality'].str.strip().str.capitalize()
## Processing
locations = df_cleaned['Work_Location'].unique()
indicators = ['Lage stress', 'Geen mentale aandoening', 'Goede slaapkwaliteit']
data = []
for location in locations:
    subset = df_cleaned[df_cleaned['Work_Location'] == location]
    total = len(subset)
    low_stress = (subset['Stress_Level'] == 'Low').sum() / total * 100
    no_mental_issue = (subset['Mental_Health_Condition'] == 'None').sum() / total * 100
    good_sleep = (subset['Sleep_Quality'] == 'Good').sum() / total * 100
    data.append([low_stress, no_mental_issue, good_sleep])
data = np.array(data).T  
y = np.arange(len(locations))
bar_height = 0.2
colors = ['mediumseagreen', 'cornflowerblue', 'gold']
## Plotting
plt.figure(figsize=(10, 6))
for i in range(len(indicators)):
    bars = plt.barh(y + i * bar_height, data[i], height=bar_height, label=indicators[i], color=colors[i])
    for bar in bars:
        width = bar.get_width()
        plt.text(width + 1, bar.get_y() + bar.get_height()/2,
                 f'{width:.1f}%', va='center', fontsize=9)
plt.xlabel("Percentage respondenten")
plt.ylabel("Werklocatie")
plt.xlim(0, 100)
plt.yticks(y + bar_height, locations)
plt.title("Welzijnsindicatoren per werklocatie")
plt.legend()
plt.grid(axis='x', linestyle='--', alpha=0.7)
plt.tight_layout()
plt.savefig("/Users/diazwiersma/data-story/docs/Graphs/figure_3.png") 
plt.close()

# Figure 4
avg_productivity = df_1.groupby('Employment_Type')['Well_Being_Score'].mean()
## Plotting
avg_productivity.plot(kind='bar', color=['skyblue', 'salmon'])
plt.title("Gemiddeld Welzijn: Remote vs Office")
plt.ylabel("Well Being Score")
plt.xlabel("Employment Type")
plt.ylim(0, 100)
plt.xticks(rotation=0)
plt.grid(axis='y', linestyle='--', alpha=0.7)
plt.tight_layout()
plt.savefig("/Users/diazwiersma/data-story/docs/Graphs/figure_4.png") 
plt.close()

# Figure 5
fig, axes = plt.subplots(1, 2, figsize=(12,5), sharex=True)
sns.scatterplot(data=df_1, x='Hours_Worked_Per_Week', y='Well_Being_Score', ax=axes[0])
sns.regplot(data=df_1, x='Hours_Worked_Per_Week', y='Well_Being_Score', scatter=False, color='red', ax=axes[0])
axes[0].set_title('Uren gewerkt vs Welzijn')
sns.scatterplot(data=df_1, x='Hours_Worked_Per_Week', y='Productivity_Score', ax=axes[1])
sns.regplot(data=df_1, x='Hours_Worked_Per_Week', y='Productivity_Score', scatter=False, color='red', ax=axes[1])
axes[1].set_title('Uren gewerkt vs Productiviteit')
plt.tight_layout()
plt.savefig("/Users/diazwiersma/data-story/docs/Graphs/figure_5.png")
plt.close()

# Figure 6
## Cleaning
consultants = df_4[df_4['Job_Title'] == 'Consultant'].copy()  # voorkomt SettingWithCopyWarning
bins = [30, 35, 40, 45, 50, 55, 60]
labels = ['30-34', '35-39', '40-44', '45-49', '50-54', '55-59']
## Processing
consultants['Hours_Bin'] = pd.cut(
    consultants['Work_Hours_Per_Week'],
    bins=bins,
    labels=labels,
    right=False
)
avg_salary = consultants.groupby(['Department', 'Hours_Bin'], observed=True)['Monthly_Salary'].mean().round(2).reset_index()
## Plotting
fig = px.line(
    avg_salary,
    x='Hours_Bin',
    y='Monthly_Salary',
    color='Department',
    markers=True,
    labels={
        'Hours_Bin': 'Werkuren per week',
        'Monthly_Salary': 'Gemiddeld maandsalaris (€)',
        'Department': 'Afdeling'
    },
    title='Gemiddeld maandsalaris vs werkuren per week (Consultants per afdeling)'
)
fig.update_layout(xaxis=dict(tickmode='array', tickvals=labels, ticktext=labels))
fig.write_html("/Users/diazwiersma/data-story/docs/Graphs/figure_6.html")




# second_result_for_vis = process_second_result(filtered_data2)
# third_result_for_vis = process_third_result(merged_data)

# Step 5: Save the results into files
# save_to_file(first_result_for_vis, "table1.csv")
# save_to_file(second_result_for_vis, "table2.csv")
# save_to_file(third_result_for_vis, "table3.csv")
------------------


[0;31m---------------------------------------------------------------------------[0m
[0;31mFileNotFoundError[0m                         Traceback (most recent call last)
Cell [0;32mIn[1], line 12[0m
[1;32m      6[0m [38;5;28;01mimport[39;00m [38;5;21;01mseaborn[39;00m [38;5;28;01mas[39;00m [38;5;21;01msns[39;00m
[1;32m      8[0m [38;5;66;03m# CSV inlezen[39;00m
[1;32m      9[0m 
[1;32m     10[0m 
[1;32m     11[0m [38;5;66;03m# Step 2: Load and filter the datasets[39;00m
[0;32m---> 12[0m df_1 [38;5;241m=[39m pd[38;5;241m.[39mread_csv([38;5;124m"[39m[38;5;124m/Users/diazwiersma/data-story/docs/Graphs/remote_work_productivity.csv[39m[38;5;124m"[39m)
[1;32m     13[0m df_2 [38;5;241m=[39m pd[38;5;241m.[39mread_csv([38;5;124m"[39m[38;5;124m/Users/diazwiersma/data-story/docs/Graphs/The Impacts of Working Remotely and in an Office Survey.csv[39m[38;5;124m"[39m)
[1;32m     14[0m df_3 [38;5;241m=[39m pd[38;5;241m.[39mread_csv([38;5;124m'[39m[38;5;124m/Users/diazwiersma/data-story/docs/Graphs/Impact_of_Remote_Work_on_Mental_Health.csv[39m[38;5;124m'[39m)

File [0;32m/opt/anaconda3/lib/python3.12/site-packages/pandas/io/parsers/readers.py:1026[0m, in [0;36mread_csv[0;34m(filepath_or_buffer, sep, delimiter, header, names, index_col, usecols, dtype, engine, converters, true_values, false_values, skipinitialspace, skiprows, skipfooter, nrows, na_values, keep_default_na, na_filter, verbose, skip_blank_lines, parse_dates, infer_datetime_format, keep_date_col, date_parser, date_format, dayfirst, cache_dates, iterator, chunksize, compression, thousands, decimal, lineterminator, quotechar, quoting, doublequote, escapechar, comment, encoding, encoding_errors, dialect, on_bad_lines, delim_whitespace, low_memory, memory_map, float_precision, storage_options, dtype_backend)[0m
[1;32m   1013[0m kwds_defaults [38;5;241m=[39m _refine_defaults_read(
[1;32m   1014[0m     dialect,
[1;32m   1015[0m     delimiter,
[0;32m   (...)[0m
[1;32m   1022[0m     dtype_backend[38;5;241m=[39mdtype_backend,
[1;32m   1023[0m )
[1;32m   1024[0m kwds[38;5;241m.[39mupdate(kwds_defaults)
[0;32m-> 1026[0m [38;5;28;01mreturn[39;00m _read(filepath_or_buffer, kwds)

File [0;32m/opt/anaconda3/lib/python3.12/site-packages/pandas/io/parsers/readers.py:620[0m, in [0;36m_read[0;34m(filepath_or_buffer, kwds)[0m
[1;32m    617[0m _validate_names(kwds[38;5;241m.[39mget([38;5;124m"[39m[38;5;124mnames[39m[38;5;124m"[39m, [38;5;28;01mNone[39;00m))
[1;32m    619[0m [38;5;66;03m# Create the parser.[39;00m
[0;32m--> 620[0m parser [38;5;241m=[39m TextFileReader(filepath_or_buffer, [38;5;241m*[39m[38;5;241m*[39mkwds)
[1;32m    622[0m [38;5;28;01mif[39;00m chunksize [38;5;129;01mor[39;00m iterator:
[1;32m    623[0m     [38;5;28;01mreturn[39;00m parser

File [0;32m/opt/anaconda3/lib/python3.12/site-packages/pandas/io/parsers/readers.py:1620[0m, in [0;36mTextFileReader.__init__[0;34m(self, f, engine, **kwds)[0m
[1;32m   1617[0m     [38;5;28mself[39m[38;5;241m.[39moptions[[38;5;124m"[39m[38;5;124mhas_index_names[39m[38;5;124m"[39m] [38;5;241m=[39m kwds[[38;5;124m"[39m[38;5;124mhas_index_names[39m[38;5;124m"[39m]
[1;32m   1619[0m [38;5;28mself[39m[38;5;241m.[39mhandles: IOHandles [38;5;241m|[39m [38;5;28;01mNone[39;00m [38;5;241m=[39m [38;5;28;01mNone[39;00m
[0;32m-> 1620[0m [38;5;28mself[39m[38;5;241m.[39m_engine [38;5;241m=[39m [38;5;28mself[39m[38;5;241m.[39m_make_engine(f, [38;5;28mself[39m[38;5;241m.[39mengine)

File [0;32m/opt/anaconda3/lib/python3.12/site-packages/pandas/io/parsers/readers.py:1880[0m, in [0;36mTextFileReader._make_engine[0;34m(self, f, engine)[0m
[1;32m   1878[0m     [38;5;28;01mif[39;00m [38;5;124m"[39m[38;5;124mb[39m[38;5;124m"[39m [38;5;129;01mnot[39;00m [38;5;129;01min[39;00m mode:
[1;32m   1879[0m         mode [38;5;241m+[39m[38;5;241m=[39m [38;5;124m"[39m[38;5;124mb[39m[38;5;124m"[39m
[0;32m-> 1880[0m [38;5;28mself[39m[38;5;241m.[39mhandles [38;5;241m=[39m get_handle(
[1;32m   1881[0m     f,
[1;32m   1882[0m     mode,
[1;32m   1883[0m     encoding[38;5;241m=[39m[38;5;28mself[39m[38;5;241m.[39moptions[38;5;241m.[39mget([38;5;124m"[39m[38;5;124mencoding[39m[38;5;124m"[39m, [38;5;28;01mNone[39;00m),
[1;32m   1884[0m     compression[38;5;241m=[39m[38;5;28mself[39m[38;5;241m.[39moptions[38;5;241m.[39mget([38;5;124m"[39m[38;5;124mcompression[39m[38;5;124m"[39m, [38;5;28;01mNone[39;00m),
[1;32m   1885[0m     memory_map[38;5;241m=[39m[38;5;28mself[39m[38;5;241m.[39moptions[38;5;241m.[39mget([38;5;124m"[39m[38;5;124mmemory_map[39m[38;5;124m"[39m, [38;5;28;01mFalse[39;00m),
[1;32m   1886[0m     is_text[38;5;241m=[39mis_text,
[1;32m   1887[0m     errors[38;5;241m=[39m[38;5;28mself[39m[38;5;241m.[39moptions[38;5;241m.[39mget([38;5;124m"[39m[38;5;124mencoding_errors[39m[38;5;124m"[39m, [38;5;124m"[39m[38;5;124mstrict[39m[38;5;124m"[39m),
[1;32m   1888[0m     storage_options[38;5;241m=[39m[38;5;28mself[39m[38;5;241m.[39moptions[38;5;241m.[39mget([38;5;124m"[39m[38;5;124mstorage_options[39m[38;5;124m"[39m, [38;5;28;01mNone[39;00m),
[1;32m   1889[0m )
[1;32m   1890[0m [38;5;28;01massert[39;00m [38;5;28mself[39m[38;5;241m.[39mhandles [38;5;129;01mis[39;00m [38;5;129;01mnot[39;00m [38;5;28;01mNone[39;00m
[1;32m   1891[0m f [38;5;241m=[39m [38;5;28mself[39m[38;5;241m.[39mhandles[38;5;241m.[39mhandle

File [0;32m/opt/anaconda3/lib/python3.12/site-packages/pandas/io/common.py:873[0m, in [0;36mget_handle[0;34m(path_or_buf, mode, encoding, compression, memory_map, is_text, errors, storage_options)[0m
[1;32m    868[0m [38;5;28;01melif[39;00m [38;5;28misinstance[39m(handle, [38;5;28mstr[39m):
[1;32m    869[0m     [38;5;66;03m# Check whether the filename is to be opened in binary mode.[39;00m
[1;32m    870[0m     [38;5;66;03m# Binary mode does not support 'encoding' and 'newline'.[39;00m
[1;32m    871[0m     [38;5;28;01mif[39;00m ioargs[38;5;241m.[39mencoding [38;5;129;01mand[39;00m [38;5;124m"[39m[38;5;124mb[39m[38;5;124m"[39m [38;5;129;01mnot[39;00m [38;5;129;01min[39;00m ioargs[38;5;241m.[39mmode:
[1;32m    872[0m         [38;5;66;03m# Encoding[39;00m
[0;32m--> 873[0m         handle [38;5;241m=[39m [38;5;28mopen[39m(
[1;32m    874[0m             handle,
[1;32m    875[0m             ioargs[38;5;241m.[39mmode,
[1;32m    876[0m             encoding[38;5;241m=[39mioargs[38;5;241m.[39mencoding,
[1;32m    877[0m             errors[38;5;241m=[39merrors,
[1;32m    878[0m             newline[38;5;241m=[39m[38;5;124m"[39m[38;5;124m"[39m,
[1;32m    879[0m         )
[1;32m    880[0m     [38;5;28;01melse[39;00m:
[1;32m    881[0m         [38;5;66;03m# Binary mode[39;00m
[1;32m    882[0m         handle [38;5;241m=[39m [38;5;28mopen[39m(handle, ioargs[38;5;241m.[39mmode)

[0;31mFileNotFoundError[0m: [Errno 2] No such file or directory: '/Users/diazwiersma/data-story/docs/Graphs/remote_work_productivity.csv'

